                      * MEMCHK - 1Mbit EXTENDED MEMORY CHECK
                      * Target: ASSIST09 on MUTIF09 6809SBC + 1Mbit SRAM (+ 256Kbit EEPROM)
                      *
                      * System definition
B006                  banksel         equ     $B006
8000                  startaddr       equ     $8000
9FFF                  endaddr         equ     $9fff
                      *
                      * ASSIST09 services
0001                  OUTCH           equ     1
0006                  PCRLF           equ     6
0004                  OUT2H           equ     4
0005                  OUT4H           equ     5
0003                  PDATA           equ     3
0002                  PDATA1          equ     2
0007                  SPACE           equ     7
                      *
7000                                  org $7000
                      
7000  308C6A          start           leax    stmsg, pcr
7003  3F                              swi
7004  03                              fcb     PDATA
7005  3F                              swi
7006  06                              fcb     PCRLF
                      
                      * BANK MEM CHECK
7007  327F                            leas    -1, s
7009  8600                            lda     #0
700B  A7E4            memloop         sta     0, s            ; stack(0) <- current bank number
700D  308C78                          leax    bankm, pcr
7010  3F                              swi
7011  03                              fcb     PDATA
                      
7012  8624                            lda     #'$'
7014  3F                              swi
7015  01                              fcb     OUTCH
                      
7016  30E4                            leax    0, s
7018  3F                              swi
7019  04                              fcb     OUT2H
701A  3F                              swi
701B  06                              fcb     PCRLF
                      
701C  A6E4                            lda     0, s
701E  B7B006                          sta     banksel
7021  8D0E                            bsr     memchk
                      
7023  A6E4                            lda     0, s
7025  4C                              inca
7026  8110                            cmpa    #16             ; finished? (total of 16 banks)
7028  26E1                            bne     memloop
702A  3261                            leas    1, s
702C  3F                              swi
702D  06                              fcb     PCRLF
702E  3F                              swi
702F  06                              fcb     PCRLF
7030  39                              rts
                      *
7031  8E8000          memchk          ldx     #startaddr
7034  3410                            pshs    x               ; stack(4) <- start address
7036  8E9FFF                          ldx     #endaddr
7039  3410                            pshs    x               ; stack(2) <- end address
703B  3410                            pshs    x               ; stack(0) <- for late use
                      
703D  8624                            lda     #'$'
703F  3F                              swi
7040  01                              fcb     OUTCH
                      
7041  3064                            leax    4, s            ; print start address
7043  3F                              swi
7044  05                              fcb     OUT4H
                      
7045  862D                            lda     #'-'
7047  3F                              swi
7048  01                              fcb     OUTCH
7049  3F                              swi
704A  07                              fcb     SPACE
                                      
704B  8624                            lda     #'$'
704D  3F                              swi
704E  01                              fcb     OUTCH
                      
704F  AE64                            ldx     4, s            ; start address
7051  A684            loop            lda     0, x
7053  6384                            com     0, x
7055  43                              coma
7056  A184                            cmpa    0, x
7058  2608                            bne     step1
705A  AC62                            cmpx    2, s            ; reached end address?
705C  2706                            beq     step11
705E  3001                            leax    1, x
7060  20EF                            bra     loop
7062  301F            step1           leax    -1, x
7064  AFE4            step11          stx     0, s            ; save last address passed
7066  30E4                            leax    0, s
7068  3F                              swi
7069  05                              fcb     OUT4H           ; print it
706A  3266                            leas    6, s
706C  39                              rts
                      *
                      * Constants
706D  2A2A203132386B20782038626974204D454D434845434B202A2A stmsg           fcc     /** 128k x 8bit MEMCHECK **/
7087  04                              fcb     4
7088  42414E4B3A      bankm           fcc     /BANK:/
708D  04                              fcb     4
                      *
708E                                  end
